g++ -Wall -std=c++17 -O2 -c -o build/Camera/Camera.o src/Camera/Camera.cpp -Iinclude -I/usr/include/freetype2
In file included from include/GraphEngine/Animations/AnimationManager.hpp:4,
                 from include/GraphEngine/Animations/Animation.hpp:8,
                 from include/GraphEngine/Scene/Scene.hpp:18,
                 from src/Camera/../../include/GraphEngine/Graphs/GraphObjects/GraphMathObject.hpp:17,
                 from src/Camera/Camera.cpp:2:
include/GraphEngine/Animations/../Graphs/GraphObjects/GraphObject.hpp:32:28: error: invalid use of incomplete type ‘class GraphMathObject’
   32 | class GraphObject : public GraphMathObject
      |                            ^~~~~~~~~~~~~~~
In file included from src/Camera/Camera.cpp:1:
src/Camera/../../include/GraphEngine/Camera/Camera.hpp:7:7: note: forward declaration of ‘class GraphMathObject’
    7 | class GraphMathObject;
      |       ^~~~~~~~~~~~~~~
include/GraphEngine/Animations/../Graphs/GraphObjects/GraphObject.hpp:93:10: error: ‘void GraphObject::update(float)’ marked ‘override’, but does not override
   93 |     void update(float dt) override;
      |          ^~~~~~
include/GraphEngine/Animations/../Graphs/GraphObjects/GraphObject.hpp:94:10: error: ‘void GraphObject::updateStroke(float)’ marked ‘override’, but does not override
   94 |     void updateStroke(float dt) override;
      |          ^~~~~~~~~~~~
include/GraphEngine/Animations/../Graphs/GraphObjects/GraphObject.hpp:95:10: error: ‘void GraphObject::updateFill(float)’ marked ‘override’, but does not override
   95 |     void updateFill(float dt) override;
      |          ^~~~~~~~~~
include/GraphEngine/Animations/../Graphs/GraphObjects/GraphObject.hpp:97:10: error: ‘void GraphObject::applyUpdaterFunction(float)’ marked ‘override’, but does not override
   97 |     void applyUpdaterFunction(float dt) override;
      |          ^~~~~~~~~~~~~~~~~~~~
include/GraphEngine/Animations/../Graphs/GraphObjects/GraphObject.hpp:99:10: error: ‘void GraphObject::updateStrokePoints()’ marked ‘override’, but does not override
   99 |     void updateStrokePoints() override;
      |          ^~~~~~~~~~~~~~~~~~
include/GraphEngine/Animations/../Graphs/GraphObjects/GraphObject.hpp:100:10: error: ‘void GraphObject::updateFillPoints()’ marked ‘override’, but does not override
  100 |     void updateFillPoints() override;
      |          ^~~~~~~~~~~~~~~~
include/GraphEngine/Animations/../Graphs/GraphObjects/GraphObject.hpp:101:10: error: ‘void GraphObject::updatePoints()’ marked ‘override’, but does not override
  101 |     void updatePoints() override;
      |          ^~~~~~~~~~~~
include/GraphEngine/Animations/../Graphs/GraphObjects/GraphObject.hpp:107:10: error: ‘void GraphObject::Init(float)’ marked ‘override’, but does not override
  107 |     void Init(float dt = 0) override;
      |          ^~~~
include/GraphEngine/Animations/../Graphs/GraphObjects/GraphObject.hpp:109:10: error: ‘void GraphObject::InitStrokeData()’ marked ‘override’, but does not override
  109 |     void InitStrokeData() override;
      |          ^~~~~~~~~~~~~~
include/GraphEngine/Animations/../Graphs/GraphObjects/GraphObject.hpp:110:10: error: ‘void GraphObject::InitFillData()’ marked ‘override’, but does not override
  110 |     void InitFillData() override;
      |          ^~~~~~~~~~~~
include/GraphEngine/Animations/../Graphs/GraphObjects/GraphObject.hpp:113:10: error: ‘void GraphObject::setStrokeData()’ marked ‘override’, but does not override
  113 |     void setStrokeData() override;
      |          ^~~~~~~~~~~~~
include/GraphEngine/Animations/../Graphs/GraphObjects/GraphObject.hpp:114:10: error: ‘void GraphObject::setFillData()’ marked ‘override’, but does not override
  114 |     void setFillData() override;
      |          ^~~~~~~~~~~
include/GraphEngine/Animations/../Graphs/GraphObjects/GraphObject.hpp:116:10: error: ‘void GraphObject::initializeStrokeShader()’ marked ‘override’, but does not override
  116 |     void initializeStrokeShader() override;
      |          ^~~~~~~~~~~~~~~~~~~~~~
include/GraphEngine/Animations/../Graphs/GraphObjects/GraphObject.hpp:117:10: error: ‘void GraphObject::initializeFillShader()’ marked ‘override’, but does not override
  117 |     void initializeFillShader() override;
      |          ^~~~~~~~~~~~~~~~~~~~
include/GraphEngine/Animations/../Graphs/GraphObjects/GraphObject.hpp:119:10: error: ‘void GraphObject::uploadStrokeDataToShader()’ marked ‘override’, but does not override
  119 |     void uploadStrokeDataToShader() override;
      |          ^~~~~~~~~~~~~~~~~~~~~~~~
include/GraphEngine/Animations/../Graphs/GraphObjects/GraphObject.hpp:120:10: error: ‘void GraphObject::uploadFillDataToShader()’ marked ‘override’, but does not override
  120 |     void uploadFillDataToShader() override;
      |          ^~~~~~~~~~~~~~~~~~~~~~
include/GraphEngine/Animations/../Graphs/GraphObjects/GraphObject.hpp:141:10: error: ‘void GraphObject::draw(float)’ marked ‘override’, but does not override
  141 |     void draw(float dt) override
      |          ^~~~
include/GraphEngine/Animations/../Graphs/GraphObjects/GraphObject.hpp:146:10: error: ‘void GraphObject::add(GraphMathObject*)’ marked ‘override’, but does not override
  146 |     void add(GraphMathObject *sub_object) override
      |          ^~~
include/GraphEngine/Animations/../Graphs/GraphObjects/GraphObject.hpp:151:10: error: ‘void GraphObject::interpolate(const GraphMathObject*, float)’ marked ‘override’, but does not override
  151 |     void interpolate(const GraphMathObject *, float t = 0) override;
      |          ^~~~~~~~~~~
include/GraphEngine/Animations/../Graphs/GraphObjects/GraphObject.hpp:152:10: error: ‘void GraphObject::alignPoints(GraphMathObject*)’ marked ‘override’, but does not override
  152 |     void alignPoints(GraphMathObject*) override;
      |          ^~~~~~~~~~~
include/GraphEngine/Animations/../Graphs/GraphObjects/GraphObject.hpp:154:28: error: ‘std::vector<glm::vec<3, float, glm::packed_highp> > GraphObject::getAllBezierPoints()’ marked ‘override’, but does not override
  154 |     std::vector<glm::vec3> getAllBezierPoints() override;
      |                            ^~~~~~~~~~~~~~~~~~
include/GraphEngine/Animations/../Graphs/GraphObjects/GraphObject.hpp:155:10: error: ‘void GraphObject::setAllBezierPoints(const std::vector<glm::vec<3, float, glm::packed_highp> >&)’ marked ‘override’, but does not override
  155 |     void setAllBezierPoints(const std::vector<glm::vec3>& pts) override;
      |          ^~~~~~~~~~~~~~~~~~
include/GraphEngine/Animations/../Graphs/GraphObjects/GraphObject.hpp:163:10: error: ‘void GraphObject::start_bezier_path(glm::vec3)’ marked ‘override’, but does not override
  163 |     void start_bezier_path(glm::vec3 start_point) override;
      |          ^~~~~~~~~~~~~~~~~
include/GraphEngine/Animations/../Graphs/GraphObjects/GraphObject.hpp:164:10: error: ‘void GraphObject::add_cubic_bezier_curve_to(glm::vec3, glm::vec3, glm::vec3)’ marked ‘override’, but does not override
  164 |     void add_cubic_bezier_curve_to(glm::vec3 control1, glm::vec3 control2, glm::vec3 end_anchor) override;
      |          ^~~~~~~~~~~~~~~~~~~~~~~~~
include/GraphEngine/Animations/../Graphs/GraphObjects/GraphObject.hpp:165:10: error: ‘void GraphObject::add_quadratic_bezier_curve_to(glm::vec3, glm::vec3)’ marked ‘override’, but does not override
  165 |     void add_quadratic_bezier_curve_to(glm::vec3 control, glm::vec3 end_anchor) override;
      |          ^~~~~~~~~~~~~~~~~~~~~~~~~~~~~
include/GraphEngine/Animations/../Graphs/GraphObjects/GraphObject.hpp:166:10: error: ‘void GraphObject::add_line_to(glm::vec3)’ marked ‘override’, but does not override
  166 |     void add_line_to(glm::vec3 end_anchor) override;
      |          ^~~~~~~~~~~
include/GraphEngine/Animations/../Graphs/GraphObjects/GraphObject.hpp:168:10: error: ‘void GraphObject::build_points_from_bezier()’ marked ‘override’, but does not override
  168 |     void build_points_from_bezier() override;
      |          ^~~~~~~~~~~~~~~~~~~~~~~~
include/GraphEngine/Animations/../Graphs/GraphObjects/GraphObject.hpp:169:10: error: ‘void GraphObject::subdivide_bezier_curves()’ marked ‘override’, but does not override
  169 |     void subdivide_bezier_curves() override;
      |          ^~~~~~~~~~~~~~~~~~~~~~~
include/GraphEngine/Animations/../Graphs/GraphObjects/GraphObject.hpp:180:10: error: ‘void GraphObject::applyColorToVertex()’ marked ‘override’, but does not override
  180 |     void applyColorToVertex() override;
      |          ^~~~~~~~~~~~~~~~~~
include/GraphEngine/Animations/../Graphs/GraphObjects/GraphObject.hpp: In member function ‘void GraphObject::add(GraphMathObject*)’:
include/GraphEngine/Animations/../Graphs/GraphObjects/GraphObject.hpp:148:9: error: ‘subGraphObjects’ was not declared in this scope; did you mean ‘GraphObject’?
  148 |         subGraphObjects.push_back(sub_object );
      |         ^~~~~~~~~~~~~~~
      |         GraphObject
include/GraphEngine/Animations/../Graphs/GraphObjects/GraphObject.hpp: In member function ‘void GraphObject::setPoints(glm::vec3)’:
include/GraphEngine/Animations/../Graphs/GraphObjects/GraphObject.hpp:184:9: error: ‘points’ was not declared in this scope; did you mean ‘printf’?
  184 |         points.push_back(p);
      |         ^~~~~~
      |         printf
include/GraphEngine/Animations/../Graphs/GraphObjects/GraphObject.hpp: In member function ‘int GraphObject::getSize()’:
include/GraphEngine/Animations/../Graphs/GraphObjects/GraphObject.hpp:192:21: error: ‘points’ was not declared in this scope; did you mean ‘printf’?
  192 |         return (int)points.size();
      |                     ^~~~~~
      |                     printf
include/GraphEngine/Scene/Scene.hpp: At global scope:
include/GraphEngine/Scene/Scene.hpp:72:10: error: ‘void Scene::draw(float)’ cannot be overloaded with ‘void Scene::draw(float)’
   72 |     void draw(float tick);
      |          ^~~~
include/GraphEngine/Scene/Scene.hpp:65:10: note: previous declaration ‘void Scene::draw(float)’
   65 |     void draw(float);
      |          ^~~~
make: *** [Makefile:45: build/Camera/Camera.o] Error 1
